[    0.000000] Linux version 4.15.0-192-generic (buildd@lcy02-amd64-029) (gcc version 7.5.0 (Ubuntu 7.5.0-3ubuntu1~18.04)) #203-Ubuntu SMP Wed Aug 10 17:40:03 UTC 2022 (Ubuntu 4.15.0-192.203-generic 4.15.18)
[    0.000000] Command line: BOOT_IMAGE=/boot/vmlinuz-4.15.0-192-generic root=LABEL=cloudimg-rootfs ro console=tty1 console=ttyS0
[    0.000000] KERNEL supported cpus:
[    0.000000]   Intel GenuineIntel
[    0.000000]   AMD AuthenticAMD
[    0.000000]   Centaur CentaurHauls
[    0.000000] x86/fpu: Supporting XSAVE feature 0x001: 'x87 floating point registers'
[    0.000000] x86/fpu: Supporting XSAVE feature 0x002: 'SSE registers'
[    0.000000] x86/fpu: Supporting XSAVE feature 0x004: 'AVX registers'
[    0.000000] x86/fpu: xstate_offset[2]:  576, xstate_sizes[2]:  256
[    0.000000] x86/fpu: Enabled xstate features 0x7, context size is 832 bytes, using 'standard' format.
[    0.000000] e820: BIOS-provided physical RAM map:
[    0.000000] BIOS-e820: [mem 0x0000000000000000-0x000000000009fbff] usable
[    0.000000] BIOS-e820: [mem 0x000000000009fc00-0x000000000009ffff] reserved
[    0.000000] BIOS-e820: [mem 0x00000000000f0000-0x00000000000fffff] reserved
[    0.000000] BIOS-e820: [mem 0x0000000000100000-0x000000003ffeffff] usable
[    0.000000] BIOS-e820: [mem 0x000000003fff0000-0x000000003fffffff] ACPI data
[    0.000000] BIOS-e820: [mem 0x00000000fec00000-0x00000000fec00fff] reserved
[    0.000000] BIOS-e820: [mem 0x00000000fee00000-0x00000000fee00fff] reserved
[    0.000000] BIOS-e820: [mem 0x00000000fffc0000-0x00000000ffffffff] reserved
[    0.000000] NX (Execute Disable) protection: active
[    0.000000] SMBIOS 2.5 present.
[    0.000000] DMI: innotek GmbH VirtualBox/VirtualBox, BIOS VirtualBox 12/01/2006
[    0.000000] Hypervisor detected: KVM
[    0.000000] e820: last_pfn = 0x3fff0 max_arch_pfn = 0x400000000
[    0.000000] MTRR: Disabled
[    0.000000] x86/PAT: MTRRs disabled, skipping PAT initialization too.
[    0.000000] CPU MTRRs all blank - virtualized system.
[    0.000000] x86/PAT: Configuration [0-7]: WB  WT  UC- UC  WB  WT  UC- UC  
[    0.000000] found SMP MP-table at [mem 0x0009fff0-0x0009ffff]
[    0.000000] Scanning 1 areas for low memory corruption
[    0.000000] RAMDISK: [mem 0x359cb000-0x36cdcfff]
[    0.000000] ACPI: Early table checksum verification disabled
[    0.000000] ACPI: RSDP 0x00000000000E0000 000024 (v02 VBOX  )
[    0.000000] ACPI: XSDT 0x000000003FFF0030 00003C (v01 VBOX   VBOXXSDT 00000001 ASL  00000061)
[    0.000000] ACPI: FACP 0x000000003FFF00F0 0000F4 (v04 VBOX   VBOXFACP 00000001 ASL  00000061)
[    0.000000] ACPI: DSDT 0x000000003FFF0470 002325 (v02 VBOX   VBOXBIOS 00000002 INTL 20120111)
[    0.000000] ACPI: FACS 0x000000003FFF0200 000040
[    0.000000] ACPI: FACS 0x000000003FFF0200 000040
[    0.000000] ACPI: APIC 0x000000003FFF0240 00005C (v02 VBOX   VBOXAPIC 00000001 ASL  00000061)
[    0.000000] ACPI: SSDT 0x000000003FFF02A0 0001CC (v01 VBOX   VBOXCPUT 00000002 INTL 20120111)
[    0.000000] ACPI: Reserving FACP table memory at [mem 0x3fff00f0-0x3fff01e3]
[    0.000000] ACPI: Reserving DSDT table memory at [mem 0x3fff0470-0x3fff2794]
[    0.000000] ACPI: Reserving FACS table memory at [mem 0x3fff0200-0x3fff023f]
[    0.000000] ACPI: Reserving FACS table memory at [mem 0x3fff0200-0x3fff023f]
[    0.000000] ACPI: Reserving APIC table memory at [mem 0x3fff0240-0x3fff029b]
[    0.000000] ACPI: Reserving SSDT table memory at [mem 0x3fff02a0-0x3fff046b]
[    0.000000] No NUMA configuration found
[    0.000000] Faking a node at [mem 0x0000000000000000-0x000000003ffeffff]
[    0.000000] NODE_DATA(0) allocated [mem 0x3ffc5000-0x3ffeffff]
[    0.000000] kvm-clock: cpu 0, msr 0:3ff44001, primary cpu clock
[    0.000000] kvm-clock: Using msrs 4b564d01 and 4b564d00
[    0.000000] kvm-clock: using sched offset of 3999338476 cycles
[    0.000000] clocksource: kvm-clock: mask: 0xffffffffffffffff max_cycles: 0x1cd42e4dffb, max_idle_ns: 881590591483 ns
[    0.000000] Zone ranges:
[    0.000000]   DMA      [mem 0x0000000000001000-0x0000000000ffffff]
[    0.000000]   DMA32    [mem 0x0000000001000000-0x000000003ffeffff]
[    0.000000]   Normal   empty
[    0.000000]   Device   empty
[    0.000000] Movable zone start for each node
[    0.000000] Early memory node ranges
[    0.000000]   node   0: [mem 0x0000000000001000-0x000000000009efff]
[    0.000000]   node   0: [mem 0x0000000000100000-0x000000003ffeffff]
[    0.000000] Reserved but unavailable: 104 pages
[    0.000000] Initmem setup node 0 [mem 0x0000000000001000-0x000000003ffeffff]
[    0.000000] ACPI: PM-Timer IO Port: 0x4008
[    0.000000] IOAPIC[0]: apic_id 2, version 32, address 0xfec00000, GSI 0-23
[    0.000000] ACPI: INT_SRC_OVR (bus 0 bus_irq 0 global_irq 2 dfl dfl)
[    0.000000] ACPI: INT_SRC_OVR (bus 0 bus_irq 9 global_irq 9 low level)
[    0.000000] Using ACPI (MADT) for SMP configuration information
[    0.000000] smpboot: Allowing 2 CPUs, 0 hotplug CPUs
[    0.000000] PM: Registered nosave memory: [mem 0x00000000-0x00000fff]
[    0.000000] PM: Registered nosave memory: [mem 0x0009f000-0x0009ffff]
[    0.000000] PM: Registered nosave memory: [mem 0x000a0000-0x000effff]
[    0.000000] PM: Registered nosave memory: [mem 0x000f0000-0x000fffff]
[    0.000000] e820: [mem 0x40000000-0xfebfffff] available for PCI devices
[    0.000000] Booting paravirtualized kernel on KVM
[    0.000000] clocksource: refined-jiffies: mask: 0xffffffff max_cycles: 0xffffffff, max_idle_ns: 7645519600211568 ns
[    0.000000] random: get_random_bytes called from start_kernel+0x99/0x500 with crng_init=0
[    0.000000] setup_percpu: NR_CPUS:8192 nr_cpumask_bits:2 nr_cpu_ids:2 nr_node_ids:1
[    0.000000] percpu: Embedded 50 pages/cpu s167936 r8192 d28672 u1048576
[    0.000000] PV qspinlock hash table entries: 256 (order: 0, 4096 bytes)
[    0.000000] Built 1 zonelists, mobility grouping on.  Total pages: 257913
[    0.000000] Policy zone: DMA32
[    0.000000] Kernel command line: BOOT_IMAGE=/boot/vmlinuz-4.15.0-192-generic root=LABEL=cloudimg-rootfs ro console=tty1 console=ttyS0
[    0.000000] Memory: 982648K/1048120K available (12300K kernel code, 2484K rwdata, 4324K rodata, 2468K init, 2724K bss, 65472K reserved, 0K cma-reserved)
[    0.000000] SLUB: HWalign=64, Order=0-3, MinObjects=0, CPUs=2, Nodes=1
[    0.000000] Kernel/User page tables isolation: enabled
[    0.000000] ftrace: allocating 39482 entries in 155 pages
[    0.004000] Hierarchical RCU implementation.
[    0.004000] 	RCU restricting CPUs from NR_CPUS=8192 to nr_cpu_ids=2.
[    0.004000] 	Tasks RCU enabled.
[    0.004000] RCU: Adjusting geometry for rcu_fanout_leaf=16, nr_cpu_ids=2
[    0.004000] NR_IRQS: 524544, nr_irqs: 440, preallocated irqs: 16
[    0.004000] Console: colour VGA+ 80x25
[    0.004000] console [tty1] enabled
[    0.004000] console [ttyS0] enabled
[    0.004000] ACPI: Core revision 20170831
[    0.004000] ACPI: 2 ACPI AML tables successfully acquired and loaded
[    0.004000] APIC: Switch to symmetric I/O mode setup
[    0.004000] x2apic enabled
[    0.004000] Switched APIC routing to physical x2apic.
[    0.004000] ..TIMER: vector=0x30 apic1=0 pin1=2 apic2=-1 pin2=-1
[    0.004003] tsc: Detected 2208.000 MHz processor
[    0.004858] Calibrating delay loop (skipped) preset value.. 4416.00 BogoMIPS (lpj=8832000)
[    0.005517] pid_max: default: 32768 minimum: 301
[    0.006392] Security Framework initialized
[    0.008001] Yama: becoming mindful.
[    0.008684] AppArmor: AppArmor initialized
[    0.010412] Dentry cache hash table entries: 131072 (order: 8, 1048576 bytes)
[    0.012049] Inode-cache hash table entries: 65536 (order: 7, 524288 bytes)
[    0.013795] Mount-cache hash table entries: 2048 (order: 2, 16384 bytes)
[    0.015013] Mountpoint-cache hash table entries: 2048 (order: 2, 16384 bytes)
[    0.016211] Last level iTLB entries: 4KB 64, 2MB 8, 4MB 8
[    0.017211] Last level dTLB entries: 4KB 64, 2MB 0, 4MB 0, 1GB 4
[    0.018309] Spectre V1 : Mitigation: usercopy/swapgs barriers and __user pointer sanitization
[    0.020001] Spectre V2 : Mitigation: Retpolines
[    0.020845] Spectre V2 : Spectre v2 / SpectreRSB mitigation: Filling RSB on context switch
[    0.022364] Speculative Store Bypass: Vulnerable
[    0.024031] MDS: Mitigation: Clear CPU buffers
[    0.024864] MMIO Stale Data: Mitigation: Clear CPU buffers
[    0.025872] SRBDS: Unknown: Dependent on hypervisor status
[    0.027004] Freeing SMP alternatives memory: 36K
[    0.137411] smpboot: CPU0: Intel(R) Core(TM) i7-8750H CPU @ 2.20GHz (family: 0x6, model: 0x9e, stepping: 0xa)
[    0.139556] Performance Events: unsupported p6 CPU model 158 no PMU driver, software events only.
[    0.140000] Hierarchical SRCU implementation.
[    0.140599] NMI watchdog: Perf event create on CPU 0 failed with -2
[    0.141714] NMI watchdog: Perf NMI watchdog permanently disabled
[    0.142853] smp: Bringing up secondary CPUs ...
[    0.144086] x86: Booting SMP configuration:
[    0.144923] .... node  #0, CPUs:      #1
[    0.004000] kvm-clock: cpu 1, msr 0:3ff44041, secondary cpu clock
[    0.148014] smp: Brought up 1 node, 2 CPUs
[    0.148844] smpboot: Max logical packages: 1
[    0.149752] smpboot: Total of 2 processors activated (8832.00 BogoMIPS)
[    0.152033] devtmpfs: initialized
[    0.152862] x86/mm: Memory block size: 128MB
[    0.154138] evm: security.selinux
[    0.154935] evm: security.SMACK64
[    0.156002] evm: security.SMACK64EXEC
[    0.156686] evm: security.SMACK64TRANSMUTE
[    0.157453] evm: security.SMACK64MMAP
[    0.158149] evm: security.apparmor
[    0.159019] evm: security.ima
[    0.160002] evm: security.capability
[    0.160736] clocksource: jiffies: mask: 0xffffffff max_cycles: 0xffffffff, max_idle_ns: 7645041785100000 ns
[    0.162275] futex hash table entries: 512 (order: 3, 32768 bytes)
[    0.164044] pinctrl core: initialized pinctrl subsystem
[    0.165910] RTC time: 23:29:48, date: 10/21/22
[    0.166846] NET: Registered protocol family 16
[    0.168071] audit: initializing netlink subsys (disabled)
[    0.169128] audit: type=2000 audit(1666394993.880:1): state=initialized audit_enabled=0 res=1
[    0.169827] cpuidle: using governor ladder
[    0.169827] cpuidle: using governor menu
[    0.172031] ACPI: bus type PCI registered
[    0.172857] acpiphp: ACPI Hot Plug PCI Controller Driver version: 0.5
[    0.174075] PCI: Using configuration type 1 for base access
[    0.176397] HugeTLB registered 2.00 MiB page size, pre-allocated 0 pages
[    0.177963] ACPI: Added _OSI(Module Device)
[    0.177963] ACPI: Added _OSI(Processor Device)
[    0.180003] ACPI: Added _OSI(3.0 _SCP Extensions)
[    0.181216] ACPI: Added _OSI(Processor Aggregator Device)
[    0.182197] ACPI: Added _OSI(Linux-Dell-Video)
[    0.184002] ACPI: Added _OSI(Linux-Lenovo-NV-HDMI-Audio)
[    0.185027] ACPI: Added _OSI(Linux-HPI-Hybrid-Graphics)
[    0.186335] ACPI: Executed 1 blocks of module-level executable AML code
[    0.190312] ACPI: Interpreter enabled
[    0.191326] ACPI: (supports S0 S5)
[    0.192002] ACPI: Using IOAPIC for interrupt routing
[    0.193135] PCI: Using host bridge windows from ACPI; if necessary, use "pci=nocrs" and report a bug
[    0.196120] ACPI: Enabled 2 GPEs in block 00 to 07
[    0.202384] ACPI: PCI Root Bridge [PCI0] (domain 0000 [bus 00-ff])
[    0.203515] acpi PNP0A03:00: _OSC: OS supports [ASPM ClockPM Segments MSI]
[    0.204336] acpi PNP0A03:00: _OSC: not requesting OS control; OS requires [ExtendedConfig ASPM ClockPM MSI]
[    0.206139] acpi PNP0A03:00: fail to add MMCONFIG information, can't access extended PCI configuration space under this bridge.
[    0.208436] PCI host bridge to bus 0000:00
[    0.209204] pci_bus 0000:00: root bus resource [io  0x0000-0x0cf7 window]
[    0.210435] pci_bus 0000:00: root bus resource [io  0x0d00-0xffff window]
[    0.212005] pci_bus 0000:00: root bus resource [mem 0x000a0000-0x000bffff window]
[    0.213964] pci_bus 0000:00: root bus resource [mem 0x40000000-0xfdffffff window]
[    0.215355] pci_bus 0000:00: root bus resource [bus 00-ff]
[    0.218323] pci 0000:00:01.1: legacy IDE quirk: reg 0x10: [io  0x01f0-0x01f7]
[    0.220002] pci 0000:00:01.1: legacy IDE quirk: reg 0x14: [io  0x03f6]
[    0.221205] pci 0000:00:01.1: legacy IDE quirk: reg 0x18: [io  0x0170-0x0177]
[    0.222498] pci 0000:00:01.1: legacy IDE quirk: reg 0x1c: [io  0x0376]
[    0.234671] pci 0000:00:07.0: quirk: [io  0x4000-0x403f] claimed by PIIX4 ACPI
[    0.236019] pci 0000:00:07.0: quirk: [io  0x4100-0x410f] claimed by PIIX4 SMB
[    0.245643] ACPI: PCI Interrupt Link [LNKA] (IRQs 5 9 10 *11)
[    0.247434] ACPI: PCI Interrupt Link [LNKB] (IRQs 5 9 *10 11)
[    0.248128] ACPI: PCI Interrupt Link [LNKC] (IRQs 5 *9 10 11)
[    0.249687] ACPI: PCI Interrupt Link [LNKD] (IRQs 5 9 10 *11)
[    0.250986] SCSI subsystem initialized
[    0.252031] pci 0000:00:02.0: vgaarb: setting as boot VGA device
[    0.253370] pci 0000:00:02.0: vgaarb: VGA device added: decodes=io+mem,owns=io+mem,locks=none
[    0.255215] pci 0000:00:02.0: vgaarb: bridge control possible
[    0.256005] vgaarb: loaded
[    0.256701] ACPI: bus type USB registered
[    0.257974] usbcore: registered new interface driver usbfs
[    0.259002] usbcore: registered new interface driver hub
[    0.260013] usbcore: registered new device driver usb
[    0.261189] EDAC MC: Ver: 3.0.0
[    0.261189] PCI: Using ACPI for IRQ routing
[    0.264287] NetLabel: Initializing
[    0.264941] NetLabel:  domain hash size = 128
[    0.265770] NetLabel:  protocols = UNLABELED CIPSOv4 CALIPSO
[    0.266804] NetLabel:  unlabeled traffic allowed by default
[    0.268088] clocksource: Switched to clocksource kvm-clock
[    0.278722] VFS: Disk quotas dquot_6.6.0
[    0.279840] VFS: Dquot-cache hash table entries: 512 (order 0, 4096 bytes)
[    0.281287] AppArmor: AppArmor Filesystem Enabled
[    0.282177] pnp: PnP ACPI init
[    0.283936] pnp: PnP ACPI: found 3 devices
[    0.292886] clocksource: acpi_pm: mask: 0xffffff max_cycles: 0xffffff, max_idle_ns: 2085701024 ns
[    0.295428] NET: Registered protocol family 2
[    0.296308] IP idents hash table entries: 16384 (order: 5, 131072 bytes)
[    0.298494] TCP established hash table entries: 8192 (order: 4, 65536 bytes)
[    0.299820] TCP bind hash table entries: 8192 (order: 5, 131072 bytes)
[    0.301131] TCP: Hash tables configured (established 8192 bind 8192)
[    0.302310] UDP hash table entries: 512 (order: 2, 16384 bytes)
[    0.303401] UDP-Lite hash table entries: 512 (order: 2, 16384 bytes)
[    0.304603] NET: Registered protocol family 1
[    0.305433] pci 0000:00:00.0: Limiting direct PCI/PCI transfers
[    0.306545] pci 0000:00:01.0: Activating ISA DMA hang workarounds
[    0.307714] pci 0000:00:02.0: Video device with shadowed ROM at [mem 0x000c0000-0x000dffff]
[    0.309374] Unpacking initramfs...
[    0.535535] Freeing initrd memory: 19528K
[    0.536890] clocksource: tsc: mask: 0xffffffffffffffff max_cycles: 0x1fd3b81b95f, max_idle_ns: 440795257325 ns
[    0.538667] platform rtc_cmos: registered platform RTC device (no PNP device found)
[    0.540049] Scanning for low memory corruption every 60 seconds
[    0.542045] Initialise system trusted keyrings
[    0.542880] Key type blacklist registered
[    0.543906] workingset: timestamp_bits=36 max_order=18 bucket_order=0
[    0.546083] zbud: loaded
[    0.546918] squashfs: version 4.0 (2009/01/31) Phillip Lougher
[    0.548358] fuse init (API version 7.26)
[    0.550121] Key type asymmetric registered
[    0.550884] Asymmetric key parser 'x509' registered
[    0.551795] Block layer SCSI generic (bsg) driver version 0.4 loaded (major 246)
[    0.553208] io scheduler noop registered
[    0.553937] io scheduler deadline registered
[    0.554734] io scheduler cfq registered (default)
[    0.555977] ACPI: AC Adapter [AC] (on-line)
[    0.556820] input: Power Button as /devices/LNXSYSTM:00/LNXPWRBN:00/input/input0
[    0.558203] ACPI: Power Button [PWRF]
[    0.558956] input: Sleep Button as /devices/LNXSYSTM:00/LNXSLPBN:00/input/input1
[    0.560565] ACPI: Sleep Button [SLPF]
[    0.563032] ACPI: Battery Slot [BAT0] (battery present)
[    0.564155] Serial: 8250/16550 driver, 32 ports, IRQ sharing enabled
[    0.586035] 00:02: ttyS0 at I/O 0x3f8 (irq = 4, base_baud = 115200) is a 16550A
[    0.589130] Linux agpgart interface v0.103
[    0.590907] loop: module loaded
[    0.592332] scsi host0: ata_piix
[    0.593216] scsi host1: ata_piix
[    0.594097] ata1: PATA max UDMA/33 cmd 0x1f0 ctl 0x3f6 bmdma 0xd000 irq 14
[    0.596345] ata2: PATA max UDMA/33 cmd 0x170 ctl 0x376 bmdma 0xd008 irq 15
[    0.597662] tun: Universal TUN/TAP device driver, 1.6
[    0.598618] PPP generic driver version 2.4.2
[    0.599526] ehci_hcd: USB 2.0 'Enhanced' Host Controller (EHCI) Driver
[    0.600725] ehci-pci: EHCI PCI platform driver
[    0.601596] ehci-platform: EHCI generic platform driver
[    0.603023] ohci_hcd: USB 1.1 'Open' Host Controller (OHCI) Driver
[    0.604522] ohci-pci: OHCI PCI platform driver
[    0.605359] ohci-platform: OHCI generic platform driver
[    0.606319] uhci_hcd: USB Universal Host Controller Interface driver
[    0.607513] i8042: PNP: PS/2 Controller [PNP0303:PS2K,PNP0f03:PS2M] at 0x60,0x64 irq 1,12
[    0.609625] serio: i8042 KBD port at 0x60,0x64 irq 1
[    0.611133] serio: i8042 AUX port at 0x60,0x64 irq 12
[    0.612414] mousedev: PS/2 mouse device common for all mice
[    0.613621] input: AT Translated Set 2 keyboard as /devices/platform/i8042/serio0/input/input2
[    0.615495] rtc_cmos rtc_cmos: rtc core: registered rtc_cmos as rtc0
[    0.616712] rtc_cmos rtc_cmos: alarms up to one day, 114 bytes nvram
[    0.617869] i2c /dev entries driver
[    0.618576] device-mapper: uevent: version 1.0.3
[    0.619473] device-mapper: ioctl: 4.37.0-ioctl (2017-09-20) initialised: dm-devel@redhat.com
[    0.621512] ledtrig-cpu: registered to indicate activity on CPUs
[    0.622933] NET: Registered protocol family 10
[    0.626285] Segment Routing with IPv6
[    0.627402] NET: Registered protocol family 17
[    0.628670] Key type dns_resolver registered
[    0.629627] mce: Using 0 MCE banks
[    0.630293] RAS: Correctable Errors collector initialized.
[    0.631300] sched_clock: Marking stable (629578595, 0)->(780584346, -151005751)
[    0.632846] registered taskstats version 1
[    0.633625] Loading compiled-in X.509 certificates
[    0.636166] Loaded X.509 cert 'Build time autogenerated kernel key: af04d57e94487e4500da7630f19b69a59e91d95a'
[    0.638955] Loaded X.509 cert 'Canonical Ltd. Live Patch Signing: 14df34d1a87cf37625abec039ef2bf521249b969'
[    0.641511] Loaded X.509 cert 'Canonical Ltd. Kernel Module Signing: 88f752e560a1e0737e31163a466ad7b70a850c19'
[    0.643604] blacklist: Loading compiled-in revocation X.509 certificates
[    0.645470] Loaded X.509 cert 'Canonical Ltd. Secure Boot Signing: 61482aa2830d0ab2ad5af10b7250da9033ddcef0'
[    0.647414] zswap: loaded using pool lzo/zbud
[    0.650723] Key type big_key registered
[    0.651965] Key type trusted registered
[    0.654452] Key type encrypted registered
[    0.655634] AppArmor: AppArmor sha1 policy hashing enabled
[    0.656968] ima: No TPM chip found, activating TPM-bypass! (rc=-19)
[    0.658392] ima: Allocated hash algorithm: sha1
[    0.659239] evm: HMAC attrs: 0x1
[    0.660166]   Magic number: 10:969:504
[    0.660948] rtc_cmos rtc_cmos: setting system clock to 2022-10-21 23:29:48 UTC (1666394988)
[    0.662668] BIOS EDD facility v0.16 2004-Jun-25, 0 devices found
[    0.664357] EDD information not available.
[    0.793390] Freeing unused kernel image memory: 2468K
[    0.808592] Write protecting the kernel read-only data: 20480k
[    0.811405] Freeing unused kernel image memory: 2008K
[    0.813127] Freeing unused kernel image memory: 1820K
[    0.819955] x86/mm: Checked W+X mappings: passed, no W+X pages found.
[    0.822073] x86/mm: Checking user space page tables
[    0.828093] x86/mm: Checked W+X mappings: passed, no W+X pages found.
Loading, please wait...
starting version 237
[    0.882315] e1000: Intel(R) PRO/1000 Network Driver - version 7.3.21-k8-NAPI
[    0.884040] e1000: Copyright (c) 1999-2006 Intel Corporation.
[    0.895375] Fusion MPT base driver 3.04.20
[    0.896865] Copyright (c) 1999-2008 LSI Corporation
[    0.903320] Fusion MPT SPI Host driver 3.04.20
[    0.906225] AVX2 version of gcm_enc/dec engaged.
[    0.907102] AES CTR mode by8 optimization enabled
[    1.112328] input: ImExPS/2 Generic Explorer Mouse as /devices/platform/i8042/serio1/input/input4
[    1.284122] e1000 0000:00:03.0 eth0: (PCI:33MHz:32-bit) 02:a0:66:c7:c8:08
[    1.285385] e1000 0000:00:03.0 eth0: Intel(R) PRO/1000 Network Connection
[    1.287372] mptbase: ioc0: Initiating bringup
[    1.385126] ioc0: LSI53C1030 A0: Capabilities={Initiator}
[    1.630848] scsi host2: ioc0: LSI53C1030 A0, FwRev=00000000h, Ports=1, MaxQ=256, IRQ=20
[    1.801224] scsi 2:0:0:0: Direct-Access     VBOX     HARDDISK         1.0  PQ: 0 ANSI: 5
[    1.960078] scsi target2:0:0: Beginning Domain Validation
[    1.963339] scsi target2:0:0: Domain Validation skipping write tests
[    1.964673] scsi target2:0:0: Ending Domain Validation
[    1.965666] scsi target2:0:0: asynchronous
[    1.966674] scsi 2:0:1:0: Direct-Access     VBOX     HARDDISK         1.0  PQ: 0 ANSI: 5
[    2.200871] scsi target2:0:1: Beginning Domain Validation
[    2.203908] random: fast init done
[    2.204939] scsi target2:0:1: Domain Validation skipping write tests
[    2.206695] scsi target2:0:1: Ending Domain Validation
[    2.208005] scsi target2:0:1: asynchronous
[    2.212812] random: systemd-udevd: uninitialized urandom read (16 bytes read)
[    2.214610] random: systemd-udevd: uninitialized urandom read (16 bytes read)
[    2.214827] e1000 0000:00:08.0 eth1: (PCI:33MHz:32-bit) 08:00:27:67:99:15
[    2.216617] random: systemd-udevd: uninitialized urandom read (16 bytes read)
[    2.217916] e1000 0000:00:08.0 eth1: Intel(R) PRO/1000 Network Connection
[    2.219946] sd 2:0:0:0: Attached scsi generic sg0 type 0
[    2.222599] sd 2:0:0:0: [sda] 83886080 512-byte logical blocks: (42.9 GB/40.0 GiB)
[    2.224027] sd 2:0:0:0: [sda] Write Protect is off
[    2.225035] sd 2:0:0:0: [sda] Incomplete mode parameter data
[    2.226083] sd 2:0:0:0: [sda] Assuming drive cache: write through
[    2.227341] sd 2:0:1:0: Attached scsi generic sg1 type 0
[    2.228807] sd 2:0:1:0: [sdb] 20480 512-byte logical blocks: (10.5 MB/10.0 MiB)
[    2.230198] sd 2:0:1:0: [sdb] Write Protect is off
[    2.231130] sd 2:0:1:0: [sdb] Incomplete mode parameter data
[    2.232137] sd 2:0:1:0: [sdb] Assuming drive cache: write through
[    2.233677]  sda: sda1
[    2.234470] sd 2:0:0:0: [sda] Attached SCSI disk
[    2.236536] sd 2:0:1:0: [sdb] Attached SCSI disk
[    2.238388] e1000 0000:00:03.0 enp0s3: renamed from eth0
[    2.266423] e1000 0000:00:08.0 enp0s8: renamed from eth1
Begin: Loading essential drivers ... [    3.620144] raid6: sse2x1   gen() 13567 MB/s
[    3.668089] raid6: sse2x1   xor()  9655 MB/s
[    3.716149] raid6: sse2x2   gen() 16547 MB/s
[    3.764236] raid6: sse2x2   xor() 11087 MB/s
[    3.812114] raid6: sse2x4   gen() 18972 MB/s
[    3.860141] raid6: sse2x4   xor() 11578 MB/s
[    3.908156] raid6: avx2x1   gen() 26499 MB/s
[    3.956532] raid6: avx2x1   xor() 19027 MB/s
[    4.004123] raid6: avx2x2   gen() 31638 MB/s
[    4.052531] raid6: avx2x2   xor() 20469 MB/s
[    4.100142] raid6: avx2x4   gen() 37648 MB/s
[    4.148128] raid6: avx2x4   xor() 22374 MB/s
[    4.149168] raid6: using algorithm avx2x4 gen() 37648 MB/s
[    4.150658] raid6: .... xor() 22374 MB/s, rmw enabled
[    4.151649] raid6: using avx2x2 recovery algorithm
[    4.153618] xor: automatically using best checksumming function   avx       
[    4.156191] async_tx: api initialized (async)
done.
Begin: Running /scripts/init-premount ... done.
Begin: Mounting root file system ... Begin: Running /scripts/local-top ... done.
Begin: Running /scripts/local-premount ... [    4.190501] Btrfs loaded, crc32c=crc32c-intel
Scanning for Btrfs filesystems
done.
Warning: fsck not present, so skipping root file system
[    4.208356] EXT4-fs (sda1): mounted filesystem with ordered data mode. Opts: (null)
done.
Begin: Running /scripts/local-bottom ... done.
Begin: Running /scripts/init-bottom ... done.
[    4.338556] ip_tables: (C) 2000-2006 Netfilter Core Team
[    4.344823] systemd[1]: systemd 237 running in system mode. (+PAM +AUDIT +SELINUX +IMA +APPARMOR +SMACK +SYSVINIT +UTMP +LIBCRYPTSETUP +GCRYPT +GNUTLS +ACL +XZ +LZ4 +SECCOMP +BLKID +ELFUTILS +KMOD -IDN2 +IDN -PCRE2 default-hierarchy=hybrid)
[    4.348677] systemd[1]: Detected virtualization oracle.
[    4.349642] systemd[1]: Detected architecture x86-64.

Welcome to [1mUbuntu 18.04.6 LTS[0m!

[    4.354556] systemd[1]: Set hostname to <ubuntu>.
[    4.358182] systemd[1]: Initializing machine ID from random generator.
[    4.359390] systemd[1]: Installed transient /etc/machine-id file.
[    4.554665] systemd[1]: Set up automount Arbitrary Executable File Formats File System Automount Point.
[[0;32m  OK  [0m] Set up automount Arbitrary Executabâ€¦rmats File System Automount Point.
[    4.693914] systemd[1]: Reached target Swap.
[[0;32m  OK  [0m] Reached target Swap.
[    4.696649] systemd[1]: Reached target User and Group Name Lookups.
[[0;32m  OK  [0m] Reached target User and Group Name Lookups.
[    4.699978] systemd[1]: Created slice System Slice.
[[0;32m  OK  [0m] Created slice System Slice.
[[0;32m  OK  [0m] Listening on Journal Socket.
[[0;32m  OK  [0m] Created slice system-serial\x2dgetty.slice.
         Starting Uncomplicated firewall...
[[0;32m  OK  [0m] Listening on LVM2 metadata daemon socket.
         Mounting Huge Pages File System...
[[0;32m  OK  [0m] Listening on /dev/initctl Compatibility Named Pipe.
[[0;32m  OK  [0m] Listening on Syslog Socket.
[[0;32m  OK  [0m] Listening on fsck to fsckd communication Socket.
         Starting File System Check on Root Device...
         Starting Create list of required stâ€¦ce nodes for the current kernel...
         Starting Set the console keyboard layout...
[[0;32m  OK  [0m] Listening on udev Control Socket.
         Starting Load Kernel Modules...
[[0;32m  OK  [0m] Listening on udev Kernel Socket.
         Starting udev Coldplug all Devices...
[[0;32m  OK  [0m] Listening on Device-mapper event daemon FIFOs.
         Starting Monitoring of LVM2 mirrorsâ€¦ng dmeventd or progress polling...
[[0;32m  OK  [0m] Created slice User and Session Slice.
[    4.899489] Loading iSCSI transport class v2.0-870.
         Mounting Kernel Debug File System...
[[0;32m  OK  [0m] Listening on LVM2 poll daemon socket.
[    4.905687] iscsi: registered transport (tcp)
[[0;32m  OK  [0m] Reached target System Time Synchronized.
[[0;32m  OK  [0m] Listening on Journal Audit Socket.
         Mounting POSIX Message Queue File System...
[[0;32m  OK  [0m] Reached target Slices.
[[0;32m  OK  [0m] Started Forward Password Requests to Wall Directory Watch.
[[0;32m  OK  [0m] Listening on Journal Socket (/dev/log).
         Starting Journal Service...
[[0;32m  OK  [0m] Listening on Network Service Netlink Socket.
[[0;32m  OK  [0m] Started Uncomplicated firewall.
[[0;32m  OK  [0m] Mounted Huge Pages File System.
[[0;32m  OK  [0m] Started Create list of required staâ€¦vice nodes for the current kernel.
[[0;32m  OK  [0m] Mounted Kernel Debug File System.
[[0;32m  OK  [0m] Started File System Check on Root Device.
[[0;32m  OK  [0m] Mounted POSIX Message Queue File System.
[[0;32m  OK  [0m] Started LVM2 metadata daemon.
[[0;32m  OK  [0m] Started File System Check Daemon to report status.
[    4.971705] iscsi: registered transport (iser)
         Starting Remount Root and Kernel File Systems...
         Starting Create Static Device Nodes in /dev...
[[0;32m  OK  [0m] Started Journal Service.
[[0;32m  OK  [0m] Started Load Kernel Modules.
[[0;32m  OK  [0m] Started udev Coldplug all Devices.
         Mounting Kernel Configuration File System...
         Starting Apply Kernel Variables...
         Mounting FUSE Control File System...
[[0;32m  OK  [0m] Mounted Kernel Configuration File System.
[[0;32m  OK  [0m] Mounted FUSE Control File System.
[[0;32m  OK  [0m] Started Create Static Device Nodes in /dev.
[    5.048419] EXT4-fs (sda1): re-mounted. Opts: (null)
[[0;32m  OK  [0m] Started Remount Root and Kernel File Systems.
         Starting Load/Save Random Seed...
         Starting udev Kernel Device Manager...
         Starting Flush Journal to Persistent Storage...
[[0;32m  OK  [0m] Started Monitoring of LVM2 mirrors,â€¦sing dmeventd or progress polling.
[[0;32m  OK  [0m] Started Load/Save Random Seed.
[[0;32m  OK  [0m] Started udev Kernel Device Manager.
[[0;32m  OK  [0m] Started Apply Kernel Variables.
[[0;32m  OK  [0m] Started Flush Journal to Persistent Storage.
[[0;32m  OK  [0m] Found device /dev/ttyS0.
[[0;32m  OK  [0m] Listening on Load/Save RF Kill Switch Status /dev/rfkill Watch.
[[0;32m  OK  [0m] Started Set the console keyboard layout.
[[0;32m  OK  [0m] Reached target Local File Systems (Pre).
[[0;32m  OK  [0m] Reached target Local File Systems.
         Starting AppArmor initialization...
         Starting Set console font and keymap...
         Starting ebtables ruleset management...
         Starting Tell Plymouth To Write Out Runtime Data...
         Starting Commit a transient machine-id on disk...
         Starting Create Volatile Files and Directories...
[[0;32m  OK  [0m] Started Dispatch Password Requests to Console Directory Watch.
[[0;32m  OK  [0m] Reached target Local Encrypted Volumes.
[[0;32m  OK  [0m] Started Tell Plymouth To Write Out Runtime Data.
[[0;32m  OK  [0m] Started Create Volatile Files and Directories.
         Starting Update UTMP about System Boot/Shutdown...
[[0;32m  OK  [0m] Started Commit a transient machine-id on disk.
[[0;32m  OK  [0m] Started ebtables ruleset management.
[[0;32m  OK  [0m] Started Update UTMP about System Boot/Shutdown.
[[0;32m  OK  [0m] Started AppArmor initialization.
         Starting Load AppArmor profiles managed internally by snapd...
         Starting Initial cloud-init job (pre-networking)...
[[0;32m  OK  [0m] Started Load AppArmor profiles managed internally by snapd.
[[0;32m  OK  [0m] Started Set console font and keymap.
[    7.178042] cloud-init[840]: Cloud-init v. 22.2-0ubuntu1~18.04.3 running 'init-local' at Fri, 21 Oct 2022 23:29:54 +0000. Up 6.93 seconds.
[[0;32m  OK  [0m] Started Initial cloud-init job (pre-networking).
[[0;32m  OK  [0m] Reached target Network (Pre).
         Starting Network Service...
[[0;32m  OK  [0m] Started Network Service.
         Starting Wait for Network to be Configured...
         Starting Network Name Resolution...
[[0;32m  OK  [0m] Started Network Name Resolution.
[[0;32m  OK  [0m] Reached target Network.
[[0;32m  OK  [0m] Reached target Host and Network Name Lookups.
[[0;32m  OK  [0m] Started Wait for Network to be Configured.
         Starting Initial cloud-init job (metadata service crawler)...
[    9.485710] cloud-init[989]: Cloud-init v. 22.2-0ubuntu1~18.04.3 running 'init' at Fri, 21 Oct 2022 23:29:57 +0000. Up 9.38 seconds.
[    9.496233] cloud-init[989]: ci-info: ++++++++++++++++++++++++++++++++++++++Net device info+++++++++++++++++++++++++++++++++++++++
[    9.497376] cloud-init[989]: ci-info: +--------+-------+----------------------------+---------------+--------+-------------------+
[    9.498522] cloud-init[989]: ci-info: | Device |   Up  |          Address           |      Mask     | Scope  |     Hw-Address    |
[    9.508179] cloud-init[989]: ci-info: +--------+-------+----------------------------+---------------+--------+-------------------+
[    9.509230] cloud-init[989]: ci-info: | enp0s3 |  True |         10.0.2.15          | 255.255.255.0 | global | 02:a0:66:c7:c8:08 |
[    9.520206] cloud-init[989]: ci-info: | enp0s3 |  True | fe80::a0:66ff:fec7:c808/64 |       .       |  link  | 02:a0:66:c7:c8:08 |
[    9.521398] cloud-init[989]: ci-info: | enp0s8 | False |             .              |       .       |   .    | 08:00:27:67:99:15 |
[    9.523103] cloud-init[989]: ci-info: |   lo   |  True |         127.0.0.1          |   255.0.0.0   |  host  |         .         |
[    9.524371] cloud-init[989]: ci-info: |   lo   |  True |          ::1/128           |       .       |  host  |         .         |
[    9.525571] cloud-init[989]: ci-info: +--------+-------+----------------------------+---------------+--------+-------------------+
[    9.526653] cloud-init[989]: ci-info: ++++++++++++++++++++++++++++Route IPv4 info+++++++++++++++++++++++++++++
[    9.536222] cloud-init[989]: ci-info: +-------+-------------+----------+-----------------+-----------+-------+
[    9.548311] cloud-init[989]: ci-info: | Route | Destination | Gateway  |     Genmask     | Interface | Flags |
[    9.549312] cloud-init[989]: ci-info: +-------+-------------+----------+-----------------+-----------+-------+
[    9.560142] cloud-init[989]: ci-info: |   0   |   0.0.0.0   | 10.0.2.2 |     0.0.0.0     |   enp0s3  |   UG  |
[    9.561272] cloud-init[989]: ci-info: |   1   |   10.0.2.0  | 0.0.0.0  |  255.255.255.0  |   enp0s3  |   U   |
[    9.562286] cloud-init[989]: ci-info: |   2   |   10.0.2.2  | 0.0.0.0  | 255.255.255.255 |   enp0s3  |   UH  |
[    9.572302] cloud-init[989]: ci-info: +-------+-------------+----------+-----------------+-----------+-------+
[    9.573390] cloud-init[989]: ci-info: +++++++++++++++++++Route IPv6 info+++++++++++++++++++
[    9.584209] cloud-init[989]: ci-info: +-------+-------------+---------+-----------+-------+
[    9.596274] cloud-init[989]: ci-info: | Route | Destination | Gateway | Interface | Flags |
[    9.597522] cloud-init[989]: ci-info: +-------+-------------+---------+-----------+-------+
[    9.598855] cloud-init[989]: ci-info: |   1   |  fe80::/64  |    ::   |   enp0s3  |   U   |
[    9.600080] cloud-init[989]: ci-info: |   3   |    local    |    ::   |   enp0s3  |   U   |
[    9.601297] cloud-init[989]: ci-info: |   4   |   ff00::/8  |    ::   |   enp0s3  |   U   |
[    9.602467] cloud-init[989]: ci-info: +-------+-------------+---------+-----------+-------+
[   10.091577] cloud-init[989]: Generating public/private rsa key pair.
[   10.092315] cloud-init[989]: Your identification has been saved in /etc/ssh/ssh_host_rsa_key.
[   10.093341] cloud-init[989]: Your public key has been saved in /etc/ssh/ssh_host_rsa_key.pub.
[   10.104282] cloud-init[989]: The key fingerprint is:
[   10.116251] cloud-init[989]: SHA256:fBaVUVEjU+xSc4aBrqvD7nq2li3ZEhnu1IhBExvxJLg root@ubuntu-bionic
[   10.117266] cloud-init[989]: The key's randomart image is:
[   10.117872] cloud-init[989]: +---[RSA 2048]----+
[   10.118536] cloud-init[989]: |     .=o.   oB*B.|
[   10.119143] cloud-init[989]: |    . o*   .o +++|
[   10.120110] cloud-init[989]: |     o... ..  o.o|
[   10.121073] cloud-init[989]: |    E ...  ... . |
[   10.122024] cloud-init[989]: |       +S=o.  .  |
[   10.122974] cloud-init[989]: |      . *oo      |
[   10.123923] cloud-init[989]: |       + * .     |
[   10.124805] cloud-init[989]: |        % +      |
[   10.125758] cloud-init[989]: |      .B=*       |
[   10.126620] cloud-init[989]: +----[SHA256]-----+
[   10.127584] cloud-init[989]: Generating public/private dsa key pair.
[[0;32m  OK  [0m] Started Initial cloud-init job (metadata service crawler).
[[0;32m  OK  [0m] Reached target Cloud-config availability.
[[0;32m  OK  [0m] Reached target System Initialization.
[   10.146499] cloud-init[989]: Your identification has been saved in /etc/ssh/ssh_host_dsa_key.
[   10.150840] cloud-init[989]: Your public key has been saved in /etc/ssh/ssh_host_dsa_key.pub.
         Starting Socket activation for snappy daemon.
[[0;32m  OK  [0m] Listening on Open-iSCSI iscsid Socket.
[   10.158584] cloud-init[989]: The key fingerprint is:
         Starting LXD - unix socket.
[   10.176483] cloud-init[989]: SHA256:cnDnbL/d1Hi3Ji/BsuKJSFoiJqIGPobOrgF5dhjakoo root@ubuntu-bionic
[   10.189614] cloud-init[989]: The key's randomart image is:
[[   10.189672] [0;32m  OK  [0mcloud-init] [989]: Started Daily apt download activities.+---[DSA 1024]----+

[[0;32m  OK  [0m[   10.191224] cloud-init[989]: |                 |
[   10.191573] cloud-init[989]: |                 |
[   10.192457] cloud-init[989]: |  .   . . .      |
] Started Message of the Day.
[   10.192500] cloud-init[989]: | = o   o +       |
[[   10.216758] [0;32m  OK  [0mcloud-init] [989]: Listening on cloud-init hotplug hook socket.|* = . . S + .    |

[   10.216822] cloud-init[989]: |=+ .   o . o o ..|
[[   10.228940] cloud-init[989]: |Eo . o      + o =|
[0;32m  OK  [0m[   10.229087] ] cloud-initStarted Discard unused blocks once a week.[989]: 
|B*. = . .... = =o|
[[   10.231070] cloud-init[989]: |O+.. . ..o. . *o.|
[   10.231129] cloud-init[989]: +----[SHA256]-----+
[   10.231934] cloud-init[989]: Generating public/private ecdsa key pair.
[   10.232537] cloud-init[989]: Your identification has been saved in /etc/ssh/ssh_host_ecdsa_key.
[   10.233116] cloud-init[989]: Your public key has been saved in /etc/ssh/ssh_host_ecdsa_key.pub.
[   10.233697] cloud-init[989]: The key fingerprint is:
[   10.234289] cloud-init[989]: SHA256:7RCQkkPWwEzQ9bYYelwv/QcmhhPE+54Amlmb6aCSoSk root@ubuntu-bionic
[   10.234874] cloud-init[989]: The key's randomart image is:
[   10.235458] cloud-init[989]: +---[ECDSA 256]---+
[   10.236442] cloud-init[989]: |  .B==oo.        |
[   10.236994] cloud-init[989]: |   .B o+.        |
[   10.237545] cloud-init[989]: |     o. *.       |
[   10.238099] cloud-init[989]: |     oo=.O       |
[   10.238650] cloud-init[989]: |    .=+=S.* o    |
[   10.239210] cloud-init[989]: |.   =.+ .*.+ .   |
[   10.239768] cloud-init[989]: |.+ . o   o... .  |
[   10.240521] cloud-init[989]: |E .   .   o  .   |
[   10.241073] cloud-init[989]: |..               |
[   10.241622] cloud-init[989]: +----[SHA256]-----+
[   10.242178] cloud-init[989]: Generating public/private ed25519 key pair.
[   10.242747] cloud-init[989]: Your identification has been saved in /etc/ssh/ssh_host_ed25519_key.
[0;32m  OK  [0m] Started Ubuntu Advantage Timer for running repeated jobs.
[   10.243421] cloud-init[989]: Your public key has been saved in /etc/ssh/ssh_host_ed25519_key.pub.
[[0;32m  OK  [0m] Started Daily apt upgrade and clean activities.
[   10.258305] cloud-init[989]: The key fingerprint is:
[[   10.280572] [0;32m  OK  [0m] Started ACPI Events Check.cloud-init
[989]: SHA256:raWtPQ+JFsNoZpZM75+XevFUyTZagKwfJnuowdZF9r4 root@ubuntu-bionic
[[   10.292497] [0;32m  OK  [0mcloud-init] [989]: The key's randomart image is:Reached target Paths.

[   10.292573] cloud-init[989]: +--[ED25519 256]--+
[[   10.316561] [0;32m  OK  [0mcloud-init] [989]: Listening on D-Bus System Message Bus Socket.|          . .    |

[[   10.318191] cloud-init[989]: |           = .   |
[0;32m  OK  [0m] [   10.318401] Started Daily Cleanup of Temporary Directories.cloud-init
[989]: |      .   + . o .|
[[0;32m  OK  [0m] Reached target Timers.
[   10.332653] cloud-init[989]: |     o = + + . *.|
[[   10.334012] [0;32m  OK  [0mcloud-init] [989]: Listening on UUID daemon activation socket.|      X S X o +..|

[[0;32m  OK  [0m] Listening on ACPID Listen Socket.
[   10.348492] cloud-init[989]: |     = = % +.o.  |
[[   10.372871] [0;32m  OK  [0mcloud-init] [989]: Reached target Network is Online.|      . O =  =.  |

[   10.374748] cloud-init[989]: |       o +.o+E.  |
[   10.375689] cloud-init[989]: |        . =*.    |
[   10.376522] cloud-init[989]: +----[SHA256]-----+
         Starting Availability of block devices...
[[0;32m  OK  [0m] Reached target Remote File Systems (Pre).
[[0;32m  OK  [0m] Reached target Remote File Systems.
[[0;32m  OK  [0m] Listening on Socket activation for snappy daemon.
[[0;32m  OK  [0m] Listening on LXD - unix socket.
[[0;32m  OK  [0m] Started Availability of block devices.
[[0;32m  OK  [0m] Reached target Sockets.
[[0;32m  OK  [0m] Reached target Basic System.
         Starting Pollinate to seed the pseudo random number generator...
[[0;32m  OK  [0m] Started Regular background program processing daemon.
         Starting System Logging Service...
         Starting Virtualbox guest utils...
[[0;32m  OK  [0m] Started D-Bus System Message Bus.
         Starting LSB: automatic crash report generation...
[[0;32m  OK  [0m] Started irqbalance daemon.
         Starting Permit User Sessions...
         Starting Login Service...
[[0;32m  OK  [0m] Started FUSE filesystem for LXC.
         Starting Dispatcher daemon for systemd-networkd...
[[0;32m  OK  [0m] Started Deferred execution scheduler.
         Starting Accounts Service...
         Starting LXD - container startup/shutdown...
         Starting LSB: Record successful boot for GRUB...
         Starting Snap Daemon...
[[0;32m  OK  [0m] Started System Logging Service.
[[0;32m  OK  [0m] Started Permit User Sessions.
[[0;32m  OK  [0m] Started LXD - container startup/shutdown.
[[0;32m  OK  [0m] Started Login Service.
         Starting Authorization Manager...
[[0;32m  OK  [0m] Started Unattended Upgrades Shutdown.
         Starting Hold until boot process finishes up...
         Starting Terminate Plymouth Boot Screen...
[[0;32m  OK  [0m] Started LSB: automatic crash report generation.
[[0;32m  OK  [0m] Started Hold until boot process finishes up.
[[0;32m  OK  [0m] Started Terminate Plymouth Boot Screen.
         Starting Set console scheme...
[[0;32m  OK  [0m] Started Serial Getty on ttyS0.
[[0;32m  OK  [0m] Started Set console scheme.
[[0;32m  OK  [0m] Created slice system-getty.slice.
[[0;32m  OK  [0m] Started Getty on tty1.
[[0;32m  OK  [0m] Reached target Login Prompts.
[[0;32m  OK  [0m] Started LSB: Record successful boot for GRUB.
[[0;32m  OK  [0m] Started Virtualbox guest utils.
[[0;32m  OK  [0m] Started Dispatcher daemon for systemd-networkd.
[[0;32m  OK  [0m] Started Authorization Manager.
[[0;32m  OK  [0m] Started Accounts Service.
[[0;32m  OK  [0m] Started Snap Daemon.
         Starting Wait until snapd is fully seeded...
         Starting Time & Date Service...
[[0;32m  OK  [0m] Started Time & Date Service.
[[0;32m  OK  [0m] Started Pollinate to seed the pseudo random number generator.
         Starting OpenBSD Secure Shell server...
[[0;32m  OK  [0m] Started OpenBSD Secure Shell server.
[[0;32m  OK  [0m] Created slice User Slice of vagrant.
         Starting User Manager for UID 1000...
[[0;32m  OK  [0m] Started Session 1 of user vagrant.
[[0;32m  OK  [0m] Started User Manager for UID 1000.
[[0;32m  OK  [0m] Started Wait until snapd is fully seeded.
         Starting Apply the settings specified in cloud-config...
         Stopping User Manager for UID 1000...
[[0;32m  OK  [0m] Stopped User Manager for UID 1000.
[[0;32m  OK  [0m] Removed slice User Slice of vagrant.
[[0;32m  OK  [0m] Created slice User Slice of vagrant.
         Starting User Manager for UID 1000...
[[0;32m  OK  [0m] Started Session 3 of user vagrant.
[   13.816559] cloud-init[1797]: Cloud-init v. 22.2-0ubuntu1~18.04.3 running 'modules:config' at Fri, 21 Oct 2022 23:30:01 +0000. Up 13.53 seconds.
[[0;32m  OK  [0m] Started User Manager for UID 1000.
[[0;32m  OK  [0m] Started Apply the settings specified in cloud-config.
[[0;32m  OK  [0m] Reached target Multi-User System.
         Starting Execute cloud user/final scripts...
[[0;32m  OK  [0m] Reached target Graphical Interface.
         Starting Update UTMP about System Runlevel Changes...
[[0;32m  OK  [0m] Started Update UTMP about System Runlevel Changes.
ci-info: no authorized SSH keys fingerprints found for user ubuntu.
<14>Oct 21 23:30:02 cloud-init: #############################################################
<14>Oct 21 23:30:02 cloud-init: -----BEGIN SSH HOST KEY FINGERPRINTS-----
<14>Oct 21 23:30:02 cloud-init: 1024 SHA256:cnDnbL/d1Hi3Ji/BsuKJSFoiJqIGPobOrgF5dhjakoo root@ubuntu-bionic (DSA)
<14>Oct 21 23:30:02 cloud-init: 256 SHA256:7RCQkkPWwEzQ9bYYelwv/QcmhhPE+54Amlmb6aCSoSk root@ubuntu-bionic (ECDSA)
<14>Oct 21 23:30:02 cloud-init: 256 SHA256:raWtPQ+JFsNoZpZM75+XevFUyTZagKwfJnuowdZF9r4 root@ubuntu-bionic (ED25519)
<14>Oct 21 23:30:02 cloud-init: 2048 SHA256:fBaVUVEjU+xSc4aBrqvD7nq2li3ZEhnu1IhBExvxJLg root@ubuntu-bionic (RSA)
<14>Oct 21 23:30:02 cloud-init: -----END SSH HOST KEY FINGERPRINTS-----
<14>Oct 21 23:30:02 cloud-init: #############################################################
-----BEGIN SSH HOST KEY KEYS-----
ecdsa-sha2-nistp256 AAAAE2VjZHNhLXNoYTItbmlzdHAyNTYAAAAIbmlzdHAyNTYAAABBBFtScx/ZL481G7tg8v4lNpLz2Oa2KgIGLjPFs+nEMlJkno921EtSdTVzunjdJ5PAKwRWDx0f8kijPun6Wx6pc5U= root@ubuntu-bionic
ssh-ed25519 AAAAC3NzaC1lZDI1NTE5AAAAICF5CKKDAQk2vhd5bKqO7gL2KsvamMftoks+CM6Rmjpf root@ubuntu-bionic
ssh-rsa AAAAB3NzaC1yc2EAAAADAQABAAABAQC8oITUY2xV6ekQM8rgqW5F1SCpUidlQ5JLLFEGBsvXzgFbanEnKLKDlH6w23sZcqdThCq8zA+XJdwwBB4CRFrAgFc8o4wPUnlJuu59xnsjmQMMKBadIGRksmHKvZPUs3TQ+Pg+Uf9XrWhXBxF2exxcT1IGUFZh5B+iA0/Rv08OOYRHxb5C635WLLEEDd118Bm+YPpxsQD6Lb59XnEoYppBZLIuJ8lWAo4lgPYXyJSpqYVU3WBqxnIRZpdwM0xoRlG5wAIu6QUK6zD0+U5oHT85bjmgcGAjzSYhldBR+Vy6mYnX3bAFJh87VG2Cq+9QO70FNZzweRmTiMOqunmOKzzL root@ubuntu-bionic
-----END SSH HOST KEY KEYS-----
[   14.361652] cloud-init[2028]: Cloud-init v. 22.2-0ubuntu1~18.04.3 running 'modules:final' at Fri, 21 Oct 2022 23:30:02 +0000. Up 14.19 seconds.
[   14.363065] cloud-init[2028]: Cloud-init v. 22.2-0ubuntu1~18.04.3 finished at Fri, 21 Oct 2022 23:30:02 +0000. Datasource DataSourceNoCloud [seed=/dev/sdb][dsmode=net].  Up 14.35 seconds
[[0;32m  OK  [0m] Started Execute cloud user/final scripts.
[[0;32m  OK  [0m] Reached target Cloud-init target.

Ubuntu 18.04.6 LTS ubuntu-bionic ttyS0

ubuntu-bionic login: 